NovemberkÃ¥san 30 nov â 1 dec 2019, Eskilstuna

StartNr; Namn; Totaltid; Start; Mal
1; A; 00:27:48; 17:33:49; 18:01:37
2; B; 00:27:54; 17:33:46; 18:01:40
3; C; 00:27:59; 17:33:44; 18:01:43

Resultatgenerering av Team 14 - ...